// Jest Snapshot v1, https://goo.gl/fbAQLP

exports[`App initialization should render correctly 1`] = `
"<div className=\\"component-container\\">
  <WeatherAndForecastLocation name={{...}} />
  <UnitsSwitcher name={{...}} setUnits={[Function]} units=\\"F\\" />
  <CurrentWeather setName={[Function]} units=\\"F\\" />
  <FiveDayForecast name={{...}} units=\\"F\\" />
  <div className=\\"alert-and-quality-container\\">
    <WeatherAlertContainer />
    <AirQualityReport />
  </div>
</div>"
`;
