// Jest Snapshot v1, https://goo.gl/fbAQLP

exports[`CreateWeatherAlert initialization should render correctly 1`] = `
"<div className=\\"create-weather-alert-container\\">
  <div className=\\"create-weather-alert\\">
    <div className=\\"create-weather-alert-title-icon\\">
      <img src=\\"https://encrypted-tbn0.gstatic.com/images?q=tbn:ANd9GcQYVYTeX-IT8VF_M7yQQsClU2CQEJTXgoi8T9jaGhB66jpLWQSw\\" alt=\\"Icon depicting current weather\\" />
      <p>
        Create Max Temperature Alert
      </p>
    </div>
    <form onSubmit={[Function]}>
      <div>
        <input type=\\"text\\" onChange={[Function]} value=\\"\\" />
        <select onChange={[Function]} value=\\"\\">
          <option value=\\"\\" />
          <option value=\\"F\\">
            °F
          </option>
          <option value=\\"C\\">
            °C
          </option>
          <option value=\\"K\\">
            °K
          </option>
        </select>
      </div>
      <input type=\\"submit\\" value=\\"Submit\\" />
    </form>
    <div>
      <h5 />
    </div>
  </div>
</div>"
`;
