// Jest Snapshot v1, https://goo.gl/fbAQLP

exports[`FiveDayForecast initialization code paths \`state.forecast\` not populated should render correctly 1`] = `
"<div>
  <Loading />
</div>"
`;

exports[`FiveDayForecast initialization code paths \`state.forecast\` populated should render correctly 1`] = `
"<div>
  <Loading />
</div>"
`;
