// Jest Snapshot v1, https://goo.gl/fbAQLP

exports[`UnitsSwitcher initialization should render correctly 1`] = `
"<div className=\\"unit-switcher\\">
  <div>
    <input type=\\"button\\" value=\\"°F\\" style={{...}} onClick={[Function]} />
    <input type=\\"button\\" value=\\"°C\\" style={{...}} onClick={[Function]} />
  </div>
</div>"
`;
