// Jest Snapshot v1, https://goo.gl/fbAQLP

exports[`WeatherAlertContainer initialization should render correctly 1`] = `
"<div className=\\"weather-alert-container\\">
  <div className=\\"weather-alert-container-title-icon\\">
    <img src=\\"alert.jpg\\" alt=\\"alert\\" />
    <h3>
      Weather Alerts
    </h3>
  </div>
  <div className=\\"alert-container\\">
    <CreateWeatherAlert incrementRegisteredAlerts={[Function]} />
    <GetWeatherAlerts registeredAlerts={{...}} triggeredAlerts={{...}} updateRegisteredAlerts={[Function]} updateTriggeredAlerts={[Function]} />
  </div>
</div>"
`;
