// Jest Snapshot v1, https://goo.gl/fbAQLP

exports[`WeatherAlertContainer initialization should render correctly 1`] = `
ShallowWrapper {
  "length": 1,
  Symbol(enzyme.__root__): [Circular],
  Symbol(enzyme.__unrendered__): <WeatherAlertContainer />,
  Symbol(enzyme.__renderer__): Object {
    "batchedUpdates": [Function],
    "getNode": [Function],
    "render": [Function],
    "simulateEvent": [Function],
    "unmount": [Function],
  },
  Symbol(enzyme.__node__): Object {
    "instance": null,
    "key": undefined,
    "nodeType": "host",
    "props": Object {
      "children": Array [
        <div
          className="weather-alert-container-title-icon"
        >
          <img
            alt="alert"
            src="alert.jpg"
          />
          <h3>
            Weather Alerts
          </h3>
        </div>,
        <div
          className="alert-container"
        >
          <CreateWeatherAlert
            incrementRegisteredAlerts={[Function]}
          />
          <GetWeatherAlerts
            registeredAlerts={null}
            triggeredAlerts={Array []}
            updateRegisteredAlerts={[Function]}
            updateTriggeredAlerts={[Function]}
          />
        </div>,
      ],
      "className": "weather-alert-container",
    },
    "ref": null,
    "rendered": Array [
      Object {
        "instance": null,
        "key": undefined,
        "nodeType": "host",
        "props": Object {
          "children": Array [
            <img
              alt="alert"
              src="alert.jpg"
            />,
            <h3>
              Weather Alerts
            </h3>,
          ],
          "className": "weather-alert-container-title-icon",
        },
        "ref": null,
        "rendered": Array [
          Object {
            "instance": null,
            "key": undefined,
            "nodeType": "host",
            "props": Object {
              "alt": "alert",
              "src": "alert.jpg",
            },
            "ref": null,
            "rendered": null,
            "type": "img",
          },
          Object {
            "instance": null,
            "key": undefined,
            "nodeType": "host",
            "props": Object {
              "children": "Weather Alerts",
            },
            "ref": null,
            "rendered": "Weather Alerts",
            "type": "h3",
          },
        ],
        "type": "div",
      },
      Object {
        "instance": null,
        "key": undefined,
        "nodeType": "host",
        "props": Object {
          "children": Array [
            <CreateWeatherAlert
              incrementRegisteredAlerts={[Function]}
            />,
            <GetWeatherAlerts
              registeredAlerts={null}
              triggeredAlerts={Array []}
              updateRegisteredAlerts={[Function]}
              updateTriggeredAlerts={[Function]}
            />,
          ],
          "className": "alert-container",
        },
        "ref": null,
        "rendered": Array [
          Object {
            "instance": null,
            "key": undefined,
            "nodeType": "class",
            "props": Object {
              "incrementRegisteredAlerts": [Function],
            },
            "ref": null,
            "rendered": null,
            "type": [Function],
          },
          Object {
            "instance": null,
            "key": undefined,
            "nodeType": "class",
            "props": Object {
              "registeredAlerts": null,
              "triggeredAlerts": Array [],
              "updateRegisteredAlerts": [Function],
              "updateTriggeredAlerts": [Function],
            },
            "ref": null,
            "rendered": null,
            "type": [Function],
          },
        ],
        "type": "div",
      },
    ],
    "type": "div",
  },
  Symbol(enzyme.__nodes__): Array [
    Object {
      "instance": null,
      "key": undefined,
      "nodeType": "host",
      "props": Object {
        "children": Array [
          <div
            className="weather-alert-container-title-icon"
          >
            <img
              alt="alert"
              src="alert.jpg"
            />
            <h3>
              Weather Alerts
            </h3>
          </div>,
          <div
            className="alert-container"
          >
            <CreateWeatherAlert
              incrementRegisteredAlerts={[Function]}
            />
            <GetWeatherAlerts
              registeredAlerts={null}
              triggeredAlerts={Array []}
              updateRegisteredAlerts={[Function]}
              updateTriggeredAlerts={[Function]}
            />
          </div>,
        ],
        "className": "weather-alert-container",
      },
      "ref": null,
      "rendered": Array [
        Object {
          "instance": null,
          "key": undefined,
          "nodeType": "host",
          "props": Object {
            "children": Array [
              <img
                alt="alert"
                src="alert.jpg"
              />,
              <h3>
                Weather Alerts
              </h3>,
            ],
            "className": "weather-alert-container-title-icon",
          },
          "ref": null,
          "rendered": Array [
            Object {
              "instance": null,
              "key": undefined,
              "nodeType": "host",
              "props": Object {
                "alt": "alert",
                "src": "alert.jpg",
              },
              "ref": null,
              "rendered": null,
              "type": "img",
            },
            Object {
              "instance": null,
              "key": undefined,
              "nodeType": "host",
              "props": Object {
                "children": "Weather Alerts",
              },
              "ref": null,
              "rendered": "Weather Alerts",
              "type": "h3",
            },
          ],
          "type": "div",
        },
        Object {
          "instance": null,
          "key": undefined,
          "nodeType": "host",
          "props": Object {
            "children": Array [
              <CreateWeatherAlert
                incrementRegisteredAlerts={[Function]}
              />,
              <GetWeatherAlerts
                registeredAlerts={null}
                triggeredAlerts={Array []}
                updateRegisteredAlerts={[Function]}
                updateTriggeredAlerts={[Function]}
              />,
            ],
            "className": "alert-container",
          },
          "ref": null,
          "rendered": Array [
            Object {
              "instance": null,
              "key": undefined,
              "nodeType": "class",
              "props": Object {
                "incrementRegisteredAlerts": [Function],
              },
              "ref": null,
              "rendered": null,
              "type": [Function],
            },
            Object {
              "instance": null,
              "key": undefined,
              "nodeType": "class",
              "props": Object {
                "registeredAlerts": null,
                "triggeredAlerts": Array [],
                "updateRegisteredAlerts": [Function],
                "updateTriggeredAlerts": [Function],
              },
              "ref": null,
              "rendered": null,
              "type": [Function],
            },
          ],
          "type": "div",
        },
      ],
      "type": "div",
    },
  ],
  Symbol(enzyme.__options__): Object {
    "adapter": ReactSixteenAdapter {
      "options": Object {
        "enableComponentDidUpdateOnSetState": true,
      },
    },
    "disableLifecycleMethods": true,
  },
}
`;
